apiVersion: batch/v1beta1
kind: CronJob
metadata:
  name: foo
  namespace: bar
spec:
  schedule: "*/1 * * * *"
  jobTemplate:
    spec:
      template:
        spec:
          containers:
          - name: c
            image: used:v1.1.0
