apiVersion: apps/v1
kind: Deployment
metadata:
  name: foo
  namespace: bar
spec:
  template:
    spec:
      containers:
      - name: c
        image: used:v1.1.0
