apiVersion: batch/v1beta1
kind: CronJob
metadata:
  name: foo
  namespace: bar
spec:
  schedule: "*/1 * * * *"
  jobTemplate:
    spec:
      template:
        spec:
          containers:
          - name: c
            image: index.repo.fake/updated:v1.0.1 # {"$imagepolicy": "automation-ns:policy"}
          - name: d
            image: image:v1.0.0 # {"$imagepolicy": "automation-ns:unchanged"}
